// Jest Snapshot v1, https://goo.gl/fbAQLP

exports[`loop value 1`] = `"A B C D E F G H I J K L M N O P Q R S T U V W X Y Z"`;

exports[`loop value 2`] = `"A B C D E F G H I J K L M N O P Q R S T U V W X Y Z A B C D E F G H I J K L M N O P Q R S T U V W X Y Z A B C D E F G H I J K L M N O P Q R S T U V W X Y Z"`;
