// Jest Snapshot v1, https://goo.gl/fbAQLP

exports[`Table snapshot 1`] = `
<DocumentFragment>
  <div
    class="sc-grXZZQ dbA-DJa"
  >
    <div>
      <div
        class="sc-bcPKhP brlJPt"
        data-testid="cell-row-column-head"
      />
      <div
        class="sc-bcPKhP brlJPt"
        data-testid="cell-row-head"
      >
        A
      </div>
      <div
        class="sc-bcPKhP brlJPt"
        data-testid="cell-row-head"
      >
        B
      </div>
      <div
        class="sc-bcPKhP brlJPt"
        data-testid="cell-row-head"
      >
        C
      </div>
      <div
        class="sc-bcPKhP brlJPt"
        data-testid="cell-row-head"
      >
        D
      </div>
      <div
        class="sc-bcPKhP brlJPt"
        data-testid="cell-row-head"
      >
        E
      </div>
      <div
        class="sc-bcPKhP brlJPt"
        data-testid="cell-row-head"
      >
        F
      </div>
      <div
        class="sc-bcPKhP brlJPt"
        data-testid="cell-row-head"
      >
        G
      </div>
      <div
        class="sc-bcPKhP brlJPt"
        data-testid="cell-row-head"
      >
        H
      </div>
      <div
        class="sc-bcPKhP brlJPt"
        data-testid="cell-row-head"
      >
        I
      </div>
      <div
        class="sc-bcPKhP brlJPt"
        data-testid="cell-row-head"
      >
        J
      </div>
      <div
        class="sc-bcPKhP brlJPt"
        data-testid="cell-row-head"
      >
        K
      </div>
      <div
        class="sc-bcPKhP brlJPt"
        data-testid="cell-row-head"
      >
        L
      </div>
      <div
        class="sc-bcPKhP brlJPt"
        data-testid="cell-row-head"
      >
        M
      </div>
      <div
        class="sc-bcPKhP brlJPt"
        data-testid="cell-row-head"
      >
        N
      </div>
      <div
        class="sc-bcPKhP brlJPt"
        data-testid="cell-row-head"
      >
        O
      </div>
      <div
        class="sc-bcPKhP brlJPt"
        data-testid="cell-row-head"
      >
        P
      </div>
      <div
        class="sc-bcPKhP brlJPt"
        data-testid="cell-row-head"
      >
        Q
      </div>
      <div
        class="sc-bcPKhP brlJPt"
        data-testid="cell-row-head"
      >
        R
      </div>
      <div
        class="sc-bcPKhP brlJPt"
        data-testid="cell-row-head"
      >
        S
      </div>
      <div
        class="sc-bcPKhP brlJPt"
        data-testid="cell-row-head"
      >
        T
      </div>
      <div
        class="sc-bcPKhP brlJPt"
        data-testid="cell-row-head"
      >
        U
      </div>
      <div
        class="sc-bcPKhP brlJPt"
        data-testid="cell-row-head"
      >
        V
      </div>
      <div
        class="sc-bcPKhP brlJPt"
        data-testid="cell-row-head"
      >
        W
      </div>
      <div
        class="sc-bcPKhP brlJPt"
        data-testid="cell-row-head"
      >
        X
      </div>
      <div
        class="sc-bcPKhP brlJPt"
        data-testid="cell-row-head"
      >
        Y
      </div>
      <div
        class="sc-bcPKhP cdwxzs"
        data-testid="cell-row-head"
      >
        Z
      </div>
    </div>
    <div>
      <div
        class="sc-bcPKhP brlJPt"
        data-testid="cell-column-head"
      >
        1
      </div>
      <div
        class="sc-bcPKhP brlJPt"
        data-testid="cell-body"
      />
      <div
        class="sc-bcPKhP brlJPt"
        data-testid="cell-body"
      />
      <div
        class="sc-bcPKhP brlJPt"
        data-testid="cell-body"
      />
      <div
        class="sc-bcPKhP brlJPt"
        data-testid="cell-body"
      />
      <div
        class="sc-bcPKhP brlJPt"
        data-testid="cell-body"
      />
      <div
        class="sc-bcPKhP brlJPt"
        data-testid="cell-body"
      />
      <div
        class="sc-bcPKhP brlJPt"
        data-testid="cell-body"
      />
      <div
        class="sc-bcPKhP brlJPt"
        data-testid="cell-body"
      />
      <div
        class="sc-bcPKhP brlJPt"
        data-testid="cell-body"
      />
      <div
        class="sc-bcPKhP brlJPt"
        data-testid="cell-body"
      />
      <div
        class="sc-bcPKhP brlJPt"
        data-testid="cell-body"
      />
      <div
        class="sc-bcPKhP brlJPt"
        data-testid="cell-body"
      />
      <div
        class="sc-bcPKhP brlJPt"
        data-testid="cell-body"
      />
      <div
        class="sc-bcPKhP brlJPt"
        data-testid="cell-body"
      />
      <div
        class="sc-bcPKhP brlJPt"
        data-testid="cell-body"
      />
      <div
        class="sc-bcPKhP brlJPt"
        data-testid="cell-body"
      />
      <div
        class="sc-bcPKhP brlJPt"
        data-testid="cell-body"
      />
      <div
        class="sc-bcPKhP brlJPt"
        data-testid="cell-body"
      />
      <div
        class="sc-bcPKhP brlJPt"
        data-testid="cell-body"
      />
      <div
        class="sc-bcPKhP brlJPt"
        data-testid="cell-body"
      />
      <div
        class="sc-bcPKhP brlJPt"
        data-testid="cell-body"
      />
      <div
        class="sc-bcPKhP brlJPt"
        data-testid="cell-body"
      />
      <div
        class="sc-bcPKhP brlJPt"
        data-testid="cell-body"
      />
      <div
        class="sc-bcPKhP brlJPt"
        data-testid="cell-body"
      />
      <div
        class="sc-bcPKhP brlJPt"
        data-testid="cell-body"
      />
      <div
        class="sc-bcPKhP cdwxzs"
        data-testid="cell-body"
      />
    </div>
    <div>
      <div
        class="sc-bcPKhP brlJPt"
        data-testid="cell-column-head"
      >
        2
      </div>
      <div
        class="sc-bcPKhP brlJPt"
        data-testid="cell-body"
      />
      <div
        class="sc-bcPKhP brlJPt"
        data-testid="cell-body"
      />
      <div
        class="sc-bcPKhP brlJPt"
        data-testid="cell-body"
      />
      <div
        class="sc-bcPKhP brlJPt"
        data-testid="cell-body"
      />
      <div
        class="sc-bcPKhP brlJPt"
        data-testid="cell-body"
      />
      <div
        class="sc-bcPKhP brlJPt"
        data-testid="cell-body"
      />
      <div
        class="sc-bcPKhP brlJPt"
        data-testid="cell-body"
      />
      <div
        class="sc-bcPKhP brlJPt"
        data-testid="cell-body"
      />
      <div
        class="sc-bcPKhP brlJPt"
        data-testid="cell-body"
      />
      <div
        class="sc-bcPKhP brlJPt"
        data-testid="cell-body"
      />
      <div
        class="sc-bcPKhP brlJPt"
        data-testid="cell-body"
      />
      <div
        class="sc-bcPKhP brlJPt"
        data-testid="cell-body"
      />
      <div
        class="sc-bcPKhP brlJPt"
        data-testid="cell-body"
      />
      <div
        class="sc-bcPKhP brlJPt"
        data-testid="cell-body"
      />
      <div
        class="sc-bcPKhP brlJPt"
        data-testid="cell-body"
      />
      <div
        class="sc-bcPKhP brlJPt"
        data-testid="cell-body"
      />
      <div
        class="sc-bcPKhP brlJPt"
        data-testid="cell-body"
      />
      <div
        class="sc-bcPKhP brlJPt"
        data-testid="cell-body"
      />
      <div
        class="sc-bcPKhP brlJPt"
        data-testid="cell-body"
      />
      <div
        class="sc-bcPKhP brlJPt"
        data-testid="cell-body"
      />
      <div
        class="sc-bcPKhP brlJPt"
        data-testid="cell-body"
      />
      <div
        class="sc-bcPKhP brlJPt"
        data-testid="cell-body"
      />
      <div
        class="sc-bcPKhP brlJPt"
        data-testid="cell-body"
      />
      <div
        class="sc-bcPKhP brlJPt"
        data-testid="cell-body"
      />
      <div
        class="sc-bcPKhP brlJPt"
        data-testid="cell-body"
      />
      <div
        class="sc-bcPKhP cdwxzs"
        data-testid="cell-body"
      />
    </div>
    <div>
      <div
        class="sc-bcPKhP brlJPt"
        data-testid="cell-column-head"
      >
        3
      </div>
      <div
        class="sc-bcPKhP brlJPt"
        data-testid="cell-body"
      />
      <div
        class="sc-bcPKhP brlJPt"
        data-testid="cell-body"
      />
      <div
        class="sc-bcPKhP brlJPt"
        data-testid="cell-body"
      />
      <div
        class="sc-bcPKhP brlJPt"
        data-testid="cell-body"
      />
      <div
        class="sc-bcPKhP brlJPt"
        data-testid="cell-body"
      />
      <div
        class="sc-bcPKhP brlJPt"
        data-testid="cell-body"
      />
      <div
        class="sc-bcPKhP brlJPt"
        data-testid="cell-body"
      />
      <div
        class="sc-bcPKhP brlJPt"
        data-testid="cell-body"
      />
      <div
        class="sc-bcPKhP brlJPt"
        data-testid="cell-body"
      />
      <div
        class="sc-bcPKhP brlJPt"
        data-testid="cell-body"
      />
      <div
        class="sc-bcPKhP brlJPt"
        data-testid="cell-body"
      />
      <div
        class="sc-bcPKhP brlJPt"
        data-testid="cell-body"
      />
      <div
        class="sc-bcPKhP brlJPt"
        data-testid="cell-body"
      />
      <div
        class="sc-bcPKhP brlJPt"
        data-testid="cell-body"
      />
      <div
        class="sc-bcPKhP brlJPt"
        data-testid="cell-body"
      />
      <div
        class="sc-bcPKhP brlJPt"
        data-testid="cell-body"
      />
      <div
        class="sc-bcPKhP brlJPt"
        data-testid="cell-body"
      />
      <div
        class="sc-bcPKhP brlJPt"
        data-testid="cell-body"
      />
      <div
        class="sc-bcPKhP brlJPt"
        data-testid="cell-body"
      />
      <div
        class="sc-bcPKhP brlJPt"
        data-testid="cell-body"
      />
      <div
        class="sc-bcPKhP brlJPt"
        data-testid="cell-body"
      />
      <div
        class="sc-bcPKhP brlJPt"
        data-testid="cell-body"
      />
      <div
        class="sc-bcPKhP brlJPt"
        data-testid="cell-body"
      />
      <div
        class="sc-bcPKhP brlJPt"
        data-testid="cell-body"
      />
      <div
        class="sc-bcPKhP brlJPt"
        data-testid="cell-body"
      />
      <div
        class="sc-bcPKhP cdwxzs"
        data-testid="cell-body"
      />
    </div>
    <div>
      <div
        class="sc-bcPKhP brlJPt"
        data-testid="cell-column-head"
      >
        4
      </div>
      <div
        class="sc-bcPKhP brlJPt"
        data-testid="cell-body"
      />
      <div
        class="sc-bcPKhP brlJPt"
        data-testid="cell-body"
      />
      <div
        class="sc-bcPKhP brlJPt"
        data-testid="cell-body"
      />
      <div
        class="sc-bcPKhP brlJPt"
        data-testid="cell-body"
      />
      <div
        class="sc-bcPKhP brlJPt"
        data-testid="cell-body"
      />
      <div
        class="sc-bcPKhP brlJPt"
        data-testid="cell-body"
      />
      <div
        class="sc-bcPKhP brlJPt"
        data-testid="cell-body"
      />
      <div
        class="sc-bcPKhP brlJPt"
        data-testid="cell-body"
      />
      <div
        class="sc-bcPKhP brlJPt"
        data-testid="cell-body"
      />
      <div
        class="sc-bcPKhP brlJPt"
        data-testid="cell-body"
      />
      <div
        class="sc-bcPKhP brlJPt"
        data-testid="cell-body"
      />
      <div
        class="sc-bcPKhP brlJPt"
        data-testid="cell-body"
      />
      <div
        class="sc-bcPKhP brlJPt"
        data-testid="cell-body"
      />
      <div
        class="sc-bcPKhP brlJPt"
        data-testid="cell-body"
      />
      <div
        class="sc-bcPKhP brlJPt"
        data-testid="cell-body"
      />
      <div
        class="sc-bcPKhP brlJPt"
        data-testid="cell-body"
      />
      <div
        class="sc-bcPKhP brlJPt"
        data-testid="cell-body"
      />
      <div
        class="sc-bcPKhP brlJPt"
        data-testid="cell-body"
      />
      <div
        class="sc-bcPKhP brlJPt"
        data-testid="cell-body"
      />
      <div
        class="sc-bcPKhP brlJPt"
        data-testid="cell-body"
      />
      <div
        class="sc-bcPKhP brlJPt"
        data-testid="cell-body"
      />
      <div
        class="sc-bcPKhP brlJPt"
        data-testid="cell-body"
      />
      <div
        class="sc-bcPKhP brlJPt"
        data-testid="cell-body"
      />
      <div
        class="sc-bcPKhP brlJPt"
        data-testid="cell-body"
      />
      <div
        class="sc-bcPKhP brlJPt"
        data-testid="cell-body"
      />
      <div
        class="sc-bcPKhP cdwxzs"
        data-testid="cell-body"
      />
    </div>
    <div>
      <div
        class="sc-bcPKhP brlJPt"
        data-testid="cell-column-head"
      >
        5
      </div>
      <div
        class="sc-bcPKhP brlJPt"
        data-testid="cell-body"
      />
      <div
        class="sc-bcPKhP brlJPt"
        data-testid="cell-body"
      />
      <div
        class="sc-bcPKhP brlJPt"
        data-testid="cell-body"
      />
      <div
        class="sc-bcPKhP brlJPt"
        data-testid="cell-body"
      />
      <div
        class="sc-bcPKhP brlJPt"
        data-testid="cell-body"
      />
      <div
        class="sc-bcPKhP brlJPt"
        data-testid="cell-body"
      />
      <div
        class="sc-bcPKhP brlJPt"
        data-testid="cell-body"
      />
      <div
        class="sc-bcPKhP brlJPt"
        data-testid="cell-body"
      />
      <div
        class="sc-bcPKhP brlJPt"
        data-testid="cell-body"
      />
      <div
        class="sc-bcPKhP brlJPt"
        data-testid="cell-body"
      />
      <div
        class="sc-bcPKhP brlJPt"
        data-testid="cell-body"
      />
      <div
        class="sc-bcPKhP brlJPt"
        data-testid="cell-body"
      />
      <div
        class="sc-bcPKhP brlJPt"
        data-testid="cell-body"
      />
      <div
        class="sc-bcPKhP brlJPt"
        data-testid="cell-body"
      />
      <div
        class="sc-bcPKhP brlJPt"
        data-testid="cell-body"
      />
      <div
        class="sc-bcPKhP brlJPt"
        data-testid="cell-body"
      />
      <div
        class="sc-bcPKhP brlJPt"
        data-testid="cell-body"
      />
      <div
        class="sc-bcPKhP brlJPt"
        data-testid="cell-body"
      />
      <div
        class="sc-bcPKhP brlJPt"
        data-testid="cell-body"
      />
      <div
        class="sc-bcPKhP brlJPt"
        data-testid="cell-body"
      />
      <div
        class="sc-bcPKhP brlJPt"
        data-testid="cell-body"
      />
      <div
        class="sc-bcPKhP brlJPt"
        data-testid="cell-body"
      />
      <div
        class="sc-bcPKhP brlJPt"
        data-testid="cell-body"
      />
      <div
        class="sc-bcPKhP brlJPt"
        data-testid="cell-body"
      />
      <div
        class="sc-bcPKhP brlJPt"
        data-testid="cell-body"
      />
      <div
        class="sc-bcPKhP cdwxzs"
        data-testid="cell-body"
      />
    </div>
    <div>
      <div
        class="sc-bcPKhP brlJPt"
        data-testid="cell-column-head"
      >
        6
      </div>
      <div
        class="sc-bcPKhP brlJPt"
        data-testid="cell-body"
      />
      <div
        class="sc-bcPKhP brlJPt"
        data-testid="cell-body"
      />
      <div
        class="sc-bcPKhP brlJPt"
        data-testid="cell-body"
      />
      <div
        class="sc-bcPKhP brlJPt"
        data-testid="cell-body"
      />
      <div
        class="sc-bcPKhP brlJPt"
        data-testid="cell-body"
      />
      <div
        class="sc-bcPKhP brlJPt"
        data-testid="cell-body"
      />
      <div
        class="sc-bcPKhP brlJPt"
        data-testid="cell-body"
      />
      <div
        class="sc-bcPKhP brlJPt"
        data-testid="cell-body"
      />
      <div
        class="sc-bcPKhP brlJPt"
        data-testid="cell-body"
      />
      <div
        class="sc-bcPKhP brlJPt"
        data-testid="cell-body"
      />
      <div
        class="sc-bcPKhP brlJPt"
        data-testid="cell-body"
      />
      <div
        class="sc-bcPKhP brlJPt"
        data-testid="cell-body"
      />
      <div
        class="sc-bcPKhP brlJPt"
        data-testid="cell-body"
      />
      <div
        class="sc-bcPKhP brlJPt"
        data-testid="cell-body"
      />
      <div
        class="sc-bcPKhP brlJPt"
        data-testid="cell-body"
      />
      <div
        class="sc-bcPKhP brlJPt"
        data-testid="cell-body"
      />
      <div
        class="sc-bcPKhP brlJPt"
        data-testid="cell-body"
      />
      <div
        class="sc-bcPKhP brlJPt"
        data-testid="cell-body"
      />
      <div
        class="sc-bcPKhP brlJPt"
        data-testid="cell-body"
      />
      <div
        class="sc-bcPKhP brlJPt"
        data-testid="cell-body"
      />
      <div
        class="sc-bcPKhP brlJPt"
        data-testid="cell-body"
      />
      <div
        class="sc-bcPKhP brlJPt"
        data-testid="cell-body"
      />
      <div
        class="sc-bcPKhP brlJPt"
        data-testid="cell-body"
      />
      <div
        class="sc-bcPKhP brlJPt"
        data-testid="cell-body"
      />
      <div
        class="sc-bcPKhP brlJPt"
        data-testid="cell-body"
      />
      <div
        class="sc-bcPKhP cdwxzs"
        data-testid="cell-body"
      />
    </div>
    <div>
      <div
        class="sc-bcPKhP brlJPt"
        data-testid="cell-column-head"
      >
        7
      </div>
      <div
        class="sc-bcPKhP brlJPt"
        data-testid="cell-body"
      />
      <div
        class="sc-bcPKhP brlJPt"
        data-testid="cell-body"
      />
      <div
        class="sc-bcPKhP brlJPt"
        data-testid="cell-body"
      />
      <div
        class="sc-bcPKhP brlJPt"
        data-testid="cell-body"
      />
      <div
        class="sc-bcPKhP brlJPt"
        data-testid="cell-body"
      />
      <div
        class="sc-bcPKhP brlJPt"
        data-testid="cell-body"
      />
      <div
        class="sc-bcPKhP brlJPt"
        data-testid="cell-body"
      />
      <div
        class="sc-bcPKhP brlJPt"
        data-testid="cell-body"
      />
      <div
        class="sc-bcPKhP brlJPt"
        data-testid="cell-body"
      />
      <div
        class="sc-bcPKhP brlJPt"
        data-testid="cell-body"
      />
      <div
        class="sc-bcPKhP brlJPt"
        data-testid="cell-body"
      />
      <div
        class="sc-bcPKhP brlJPt"
        data-testid="cell-body"
      />
      <div
        class="sc-bcPKhP brlJPt"
        data-testid="cell-body"
      />
      <div
        class="sc-bcPKhP brlJPt"
        data-testid="cell-body"
      />
      <div
        class="sc-bcPKhP brlJPt"
        data-testid="cell-body"
      />
      <div
        class="sc-bcPKhP brlJPt"
        data-testid="cell-body"
      />
      <div
        class="sc-bcPKhP brlJPt"
        data-testid="cell-body"
      />
      <div
        class="sc-bcPKhP brlJPt"
        data-testid="cell-body"
      />
      <div
        class="sc-bcPKhP brlJPt"
        data-testid="cell-body"
      />
      <div
        class="sc-bcPKhP brlJPt"
        data-testid="cell-body"
      />
      <div
        class="sc-bcPKhP brlJPt"
        data-testid="cell-body"
      />
      <div
        class="sc-bcPKhP brlJPt"
        data-testid="cell-body"
      />
      <div
        class="sc-bcPKhP brlJPt"
        data-testid="cell-body"
      />
      <div
        class="sc-bcPKhP brlJPt"
        data-testid="cell-body"
      />
      <div
        class="sc-bcPKhP brlJPt"
        data-testid="cell-body"
      />
      <div
        class="sc-bcPKhP cdwxzs"
        data-testid="cell-body"
      />
    </div>
    <div>
      <div
        class="sc-bcPKhP brlJPt"
        data-testid="cell-column-head"
      >
        8
      </div>
      <div
        class="sc-bcPKhP brlJPt"
        data-testid="cell-body"
      />
      <div
        class="sc-bcPKhP brlJPt"
        data-testid="cell-body"
      />
      <div
        class="sc-bcPKhP brlJPt"
        data-testid="cell-body"
      />
      <div
        class="sc-bcPKhP brlJPt"
        data-testid="cell-body"
      />
      <div
        class="sc-bcPKhP brlJPt"
        data-testid="cell-body"
      />
      <div
        class="sc-bcPKhP brlJPt"
        data-testid="cell-body"
      />
      <div
        class="sc-bcPKhP brlJPt"
        data-testid="cell-body"
      />
      <div
        class="sc-bcPKhP brlJPt"
        data-testid="cell-body"
      />
      <div
        class="sc-bcPKhP brlJPt"
        data-testid="cell-body"
      />
      <div
        class="sc-bcPKhP brlJPt"
        data-testid="cell-body"
      />
      <div
        class="sc-bcPKhP brlJPt"
        data-testid="cell-body"
      />
      <div
        class="sc-bcPKhP brlJPt"
        data-testid="cell-body"
      />
      <div
        class="sc-bcPKhP brlJPt"
        data-testid="cell-body"
      />
      <div
        class="sc-bcPKhP brlJPt"
        data-testid="cell-body"
      />
      <div
        class="sc-bcPKhP brlJPt"
        data-testid="cell-body"
      />
      <div
        class="sc-bcPKhP brlJPt"
        data-testid="cell-body"
      />
      <div
        class="sc-bcPKhP brlJPt"
        data-testid="cell-body"
      />
      <div
        class="sc-bcPKhP brlJPt"
        data-testid="cell-body"
      />
      <div
        class="sc-bcPKhP brlJPt"
        data-testid="cell-body"
      />
      <div
        class="sc-bcPKhP brlJPt"
        data-testid="cell-body"
      />
      <div
        class="sc-bcPKhP brlJPt"
        data-testid="cell-body"
      />
      <div
        class="sc-bcPKhP brlJPt"
        data-testid="cell-body"
      />
      <div
        class="sc-bcPKhP brlJPt"
        data-testid="cell-body"
      />
      <div
        class="sc-bcPKhP brlJPt"
        data-testid="cell-body"
      />
      <div
        class="sc-bcPKhP brlJPt"
        data-testid="cell-body"
      />
      <div
        class="sc-bcPKhP cdwxzs"
        data-testid="cell-body"
      />
    </div>
    <div>
      <div
        class="sc-bcPKhP brlJPt"
        data-testid="cell-column-head"
      >
        9
      </div>
      <div
        class="sc-bcPKhP brlJPt"
        data-testid="cell-body"
      />
      <div
        class="sc-bcPKhP brlJPt"
        data-testid="cell-body"
      />
      <div
        class="sc-bcPKhP brlJPt"
        data-testid="cell-body"
      />
      <div
        class="sc-bcPKhP brlJPt"
        data-testid="cell-body"
      />
      <div
        class="sc-bcPKhP brlJPt"
        data-testid="cell-body"
      />
      <div
        class="sc-bcPKhP brlJPt"
        data-testid="cell-body"
      />
      <div
        class="sc-bcPKhP brlJPt"
        data-testid="cell-body"
      />
      <div
        class="sc-bcPKhP brlJPt"
        data-testid="cell-body"
      />
      <div
        class="sc-bcPKhP brlJPt"
        data-testid="cell-body"
      />
      <div
        class="sc-bcPKhP brlJPt"
        data-testid="cell-body"
      />
      <div
        class="sc-bcPKhP brlJPt"
        data-testid="cell-body"
      />
      <div
        class="sc-bcPKhP brlJPt"
        data-testid="cell-body"
      />
      <div
        class="sc-bcPKhP brlJPt"
        data-testid="cell-body"
      />
      <div
        class="sc-bcPKhP brlJPt"
        data-testid="cell-body"
      />
      <div
        class="sc-bcPKhP brlJPt"
        data-testid="cell-body"
      />
      <div
        class="sc-bcPKhP brlJPt"
        data-testid="cell-body"
      />
      <div
        class="sc-bcPKhP brlJPt"
        data-testid="cell-body"
      />
      <div
        class="sc-bcPKhP brlJPt"
        data-testid="cell-body"
      />
      <div
        class="sc-bcPKhP brlJPt"
        data-testid="cell-body"
      />
      <div
        class="sc-bcPKhP brlJPt"
        data-testid="cell-body"
      />
      <div
        class="sc-bcPKhP brlJPt"
        data-testid="cell-body"
      />
      <div
        class="sc-bcPKhP brlJPt"
        data-testid="cell-body"
      />
      <div
        class="sc-bcPKhP brlJPt"
        data-testid="cell-body"
      />
      <div
        class="sc-bcPKhP brlJPt"
        data-testid="cell-body"
      />
      <div
        class="sc-bcPKhP brlJPt"
        data-testid="cell-body"
      />
      <div
        class="sc-bcPKhP cdwxzs"
        data-testid="cell-body"
      />
    </div>
    <div>
      <div
        class="sc-bcPKhP brlJPt"
        data-testid="cell-column-head"
      >
        10
      </div>
      <div
        class="sc-bcPKhP brlJPt"
        data-testid="cell-body"
      />
      <div
        class="sc-bcPKhP brlJPt"
        data-testid="cell-body"
      />
      <div
        class="sc-bcPKhP brlJPt"
        data-testid="cell-body"
      />
      <div
        class="sc-bcPKhP brlJPt"
        data-testid="cell-body"
      />
      <div
        class="sc-bcPKhP brlJPt"
        data-testid="cell-body"
      />
      <div
        class="sc-bcPKhP brlJPt"
        data-testid="cell-body"
      />
      <div
        class="sc-bcPKhP brlJPt"
        data-testid="cell-body"
      />
      <div
        class="sc-bcPKhP brlJPt"
        data-testid="cell-body"
      />
      <div
        class="sc-bcPKhP brlJPt"
        data-testid="cell-body"
      />
      <div
        class="sc-bcPKhP brlJPt"
        data-testid="cell-body"
      />
      <div
        class="sc-bcPKhP brlJPt"
        data-testid="cell-body"
      />
      <div
        class="sc-bcPKhP brlJPt"
        data-testid="cell-body"
      />
      <div
        class="sc-bcPKhP brlJPt"
        data-testid="cell-body"
      />
      <div
        class="sc-bcPKhP brlJPt"
        data-testid="cell-body"
      />
      <div
        class="sc-bcPKhP brlJPt"
        data-testid="cell-body"
      />
      <div
        class="sc-bcPKhP brlJPt"
        data-testid="cell-body"
      />
      <div
        class="sc-bcPKhP brlJPt"
        data-testid="cell-body"
      />
      <div
        class="sc-bcPKhP brlJPt"
        data-testid="cell-body"
      />
      <div
        class="sc-bcPKhP brlJPt"
        data-testid="cell-body"
      />
      <div
        class="sc-bcPKhP brlJPt"
        data-testid="cell-body"
      />
      <div
        class="sc-bcPKhP brlJPt"
        data-testid="cell-body"
      />
      <div
        class="sc-bcPKhP brlJPt"
        data-testid="cell-body"
      />
      <div
        class="sc-bcPKhP brlJPt"
        data-testid="cell-body"
      />
      <div
        class="sc-bcPKhP brlJPt"
        data-testid="cell-body"
      />
      <div
        class="sc-bcPKhP brlJPt"
        data-testid="cell-body"
      />
      <div
        class="sc-bcPKhP cdwxzs"
        data-testid="cell-body"
      />
    </div>
    <div>
      <div
        class="sc-bcPKhP brlJPt"
        data-testid="cell-column-head"
      >
        11
      </div>
      <div
        class="sc-bcPKhP brlJPt"
        data-testid="cell-body"
      />
      <div
        class="sc-bcPKhP brlJPt"
        data-testid="cell-body"
      />
      <div
        class="sc-bcPKhP brlJPt"
        data-testid="cell-body"
      />
      <div
        class="sc-bcPKhP brlJPt"
        data-testid="cell-body"
      />
      <div
        class="sc-bcPKhP brlJPt"
        data-testid="cell-body"
      />
      <div
        class="sc-bcPKhP brlJPt"
        data-testid="cell-body"
      />
      <div
        class="sc-bcPKhP brlJPt"
        data-testid="cell-body"
      />
      <div
        class="sc-bcPKhP brlJPt"
        data-testid="cell-body"
      />
      <div
        class="sc-bcPKhP brlJPt"
        data-testid="cell-body"
      />
      <div
        class="sc-bcPKhP brlJPt"
        data-testid="cell-body"
      />
      <div
        class="sc-bcPKhP brlJPt"
        data-testid="cell-body"
      />
      <div
        class="sc-bcPKhP brlJPt"
        data-testid="cell-body"
      />
      <div
        class="sc-bcPKhP brlJPt"
        data-testid="cell-body"
      />
      <div
        class="sc-bcPKhP brlJPt"
        data-testid="cell-body"
      />
      <div
        class="sc-bcPKhP brlJPt"
        data-testid="cell-body"
      />
      <div
        class="sc-bcPKhP brlJPt"
        data-testid="cell-body"
      />
      <div
        class="sc-bcPKhP brlJPt"
        data-testid="cell-body"
      />
      <div
        class="sc-bcPKhP brlJPt"
        data-testid="cell-body"
      />
      <div
        class="sc-bcPKhP brlJPt"
        data-testid="cell-body"
      />
      <div
        class="sc-bcPKhP brlJPt"
        data-testid="cell-body"
      />
      <div
        class="sc-bcPKhP brlJPt"
        data-testid="cell-body"
      />
      <div
        class="sc-bcPKhP brlJPt"
        data-testid="cell-body"
      />
      <div
        class="sc-bcPKhP brlJPt"
        data-testid="cell-body"
      />
      <div
        class="sc-bcPKhP brlJPt"
        data-testid="cell-body"
      />
      <div
        class="sc-bcPKhP brlJPt"
        data-testid="cell-body"
      />
      <div
        class="sc-bcPKhP cdwxzs"
        data-testid="cell-body"
      />
    </div>
    <div>
      <div
        class="sc-bcPKhP brlJPt"
        data-testid="cell-column-head"
      >
        12
      </div>
      <div
        class="sc-bcPKhP brlJPt"
        data-testid="cell-body"
      />
      <div
        class="sc-bcPKhP brlJPt"
        data-testid="cell-body"
      />
      <div
        class="sc-bcPKhP brlJPt"
        data-testid="cell-body"
      />
      <div
        class="sc-bcPKhP brlJPt"
        data-testid="cell-body"
      />
      <div
        class="sc-bcPKhP brlJPt"
        data-testid="cell-body"
      />
      <div
        class="sc-bcPKhP brlJPt"
        data-testid="cell-body"
      />
      <div
        class="sc-bcPKhP brlJPt"
        data-testid="cell-body"
      />
      <div
        class="sc-bcPKhP brlJPt"
        data-testid="cell-body"
      />
      <div
        class="sc-bcPKhP brlJPt"
        data-testid="cell-body"
      />
      <div
        class="sc-bcPKhP brlJPt"
        data-testid="cell-body"
      />
      <div
        class="sc-bcPKhP brlJPt"
        data-testid="cell-body"
      />
      <div
        class="sc-bcPKhP brlJPt"
        data-testid="cell-body"
      />
      <div
        class="sc-bcPKhP brlJPt"
        data-testid="cell-body"
      />
      <div
        class="sc-bcPKhP brlJPt"
        data-testid="cell-body"
      />
      <div
        class="sc-bcPKhP brlJPt"
        data-testid="cell-body"
      />
      <div
        class="sc-bcPKhP brlJPt"
        data-testid="cell-body"
      />
      <div
        class="sc-bcPKhP brlJPt"
        data-testid="cell-body"
      />
      <div
        class="sc-bcPKhP brlJPt"
        data-testid="cell-body"
      />
      <div
        class="sc-bcPKhP brlJPt"
        data-testid="cell-body"
      />
      <div
        class="sc-bcPKhP brlJPt"
        data-testid="cell-body"
      />
      <div
        class="sc-bcPKhP brlJPt"
        data-testid="cell-body"
      />
      <div
        class="sc-bcPKhP brlJPt"
        data-testid="cell-body"
      />
      <div
        class="sc-bcPKhP brlJPt"
        data-testid="cell-body"
      />
      <div
        class="sc-bcPKhP brlJPt"
        data-testid="cell-body"
      />
      <div
        class="sc-bcPKhP brlJPt"
        data-testid="cell-body"
      />
      <div
        class="sc-bcPKhP cdwxzs"
        data-testid="cell-body"
      />
    </div>
    <div>
      <div
        class="sc-bcPKhP brlJPt"
        data-testid="cell-column-head"
      >
        13
      </div>
      <div
        class="sc-bcPKhP brlJPt"
        data-testid="cell-body"
      />
      <div
        class="sc-bcPKhP brlJPt"
        data-testid="cell-body"
      />
      <div
        class="sc-bcPKhP brlJPt"
        data-testid="cell-body"
      />
      <div
        class="sc-bcPKhP brlJPt"
        data-testid="cell-body"
      />
      <div
        class="sc-bcPKhP brlJPt"
        data-testid="cell-body"
      />
      <div
        class="sc-bcPKhP brlJPt"
        data-testid="cell-body"
      />
      <div
        class="sc-bcPKhP brlJPt"
        data-testid="cell-body"
      />
      <div
        class="sc-bcPKhP brlJPt"
        data-testid="cell-body"
      />
      <div
        class="sc-bcPKhP brlJPt"
        data-testid="cell-body"
      />
      <div
        class="sc-bcPKhP brlJPt"
        data-testid="cell-body"
      />
      <div
        class="sc-bcPKhP brlJPt"
        data-testid="cell-body"
      />
      <div
        class="sc-bcPKhP brlJPt"
        data-testid="cell-body"
      />
      <div
        class="sc-bcPKhP brlJPt"
        data-testid="cell-body"
      />
      <div
        class="sc-bcPKhP brlJPt"
        data-testid="cell-body"
      />
      <div
        class="sc-bcPKhP brlJPt"
        data-testid="cell-body"
      />
      <div
        class="sc-bcPKhP brlJPt"
        data-testid="cell-body"
      />
      <div
        class="sc-bcPKhP brlJPt"
        data-testid="cell-body"
      />
      <div
        class="sc-bcPKhP brlJPt"
        data-testid="cell-body"
      />
      <div
        class="sc-bcPKhP brlJPt"
        data-testid="cell-body"
      />
      <div
        class="sc-bcPKhP brlJPt"
        data-testid="cell-body"
      />
      <div
        class="sc-bcPKhP brlJPt"
        data-testid="cell-body"
      />
      <div
        class="sc-bcPKhP brlJPt"
        data-testid="cell-body"
      />
      <div
        class="sc-bcPKhP brlJPt"
        data-testid="cell-body"
      />
      <div
        class="sc-bcPKhP brlJPt"
        data-testid="cell-body"
      />
      <div
        class="sc-bcPKhP brlJPt"
        data-testid="cell-body"
      />
      <div
        class="sc-bcPKhP cdwxzs"
        data-testid="cell-body"
      />
    </div>
    <div>
      <div
        class="sc-bcPKhP brlJPt"
        data-testid="cell-column-head"
      >
        14
      </div>
      <div
        class="sc-bcPKhP brlJPt"
        data-testid="cell-body"
      />
      <div
        class="sc-bcPKhP brlJPt"
        data-testid="cell-body"
      />
      <div
        class="sc-bcPKhP brlJPt"
        data-testid="cell-body"
      />
      <div
        class="sc-bcPKhP brlJPt"
        data-testid="cell-body"
      />
      <div
        class="sc-bcPKhP brlJPt"
        data-testid="cell-body"
      />
      <div
        class="sc-bcPKhP brlJPt"
        data-testid="cell-body"
      />
      <div
        class="sc-bcPKhP brlJPt"
        data-testid="cell-body"
      />
      <div
        class="sc-bcPKhP brlJPt"
        data-testid="cell-body"
      />
      <div
        class="sc-bcPKhP brlJPt"
        data-testid="cell-body"
      />
      <div
        class="sc-bcPKhP brlJPt"
        data-testid="cell-body"
      />
      <div
        class="sc-bcPKhP brlJPt"
        data-testid="cell-body"
      />
      <div
        class="sc-bcPKhP brlJPt"
        data-testid="cell-body"
      />
      <div
        class="sc-bcPKhP brlJPt"
        data-testid="cell-body"
      />
      <div
        class="sc-bcPKhP brlJPt"
        data-testid="cell-body"
      />
      <div
        class="sc-bcPKhP brlJPt"
        data-testid="cell-body"
      />
      <div
        class="sc-bcPKhP brlJPt"
        data-testid="cell-body"
      />
      <div
        class="sc-bcPKhP brlJPt"
        data-testid="cell-body"
      />
      <div
        class="sc-bcPKhP brlJPt"
        data-testid="cell-body"
      />
      <div
        class="sc-bcPKhP brlJPt"
        data-testid="cell-body"
      />
      <div
        class="sc-bcPKhP brlJPt"
        data-testid="cell-body"
      />
      <div
        class="sc-bcPKhP brlJPt"
        data-testid="cell-body"
      />
      <div
        class="sc-bcPKhP brlJPt"
        data-testid="cell-body"
      />
      <div
        class="sc-bcPKhP brlJPt"
        data-testid="cell-body"
      />
      <div
        class="sc-bcPKhP brlJPt"
        data-testid="cell-body"
      />
      <div
        class="sc-bcPKhP brlJPt"
        data-testid="cell-body"
      />
      <div
        class="sc-bcPKhP cdwxzs"
        data-testid="cell-body"
      />
    </div>
    <div>
      <div
        class="sc-bcPKhP brlJPt"
        data-testid="cell-column-head"
      >
        15
      </div>
      <div
        class="sc-bcPKhP brlJPt"
        data-testid="cell-body"
      />
      <div
        class="sc-bcPKhP brlJPt"
        data-testid="cell-body"
      />
      <div
        class="sc-bcPKhP brlJPt"
        data-testid="cell-body"
      />
      <div
        class="sc-bcPKhP brlJPt"
        data-testid="cell-body"
      />
      <div
        class="sc-bcPKhP brlJPt"
        data-testid="cell-body"
      />
      <div
        class="sc-bcPKhP brlJPt"
        data-testid="cell-body"
      />
      <div
        class="sc-bcPKhP brlJPt"
        data-testid="cell-body"
      />
      <div
        class="sc-bcPKhP brlJPt"
        data-testid="cell-body"
      />
      <div
        class="sc-bcPKhP brlJPt"
        data-testid="cell-body"
      />
      <div
        class="sc-bcPKhP brlJPt"
        data-testid="cell-body"
      />
      <div
        class="sc-bcPKhP brlJPt"
        data-testid="cell-body"
      />
      <div
        class="sc-bcPKhP brlJPt"
        data-testid="cell-body"
      />
      <div
        class="sc-bcPKhP brlJPt"
        data-testid="cell-body"
      />
      <div
        class="sc-bcPKhP brlJPt"
        data-testid="cell-body"
      />
      <div
        class="sc-bcPKhP brlJPt"
        data-testid="cell-body"
      />
      <div
        class="sc-bcPKhP brlJPt"
        data-testid="cell-body"
      />
      <div
        class="sc-bcPKhP brlJPt"
        data-testid="cell-body"
      />
      <div
        class="sc-bcPKhP brlJPt"
        data-testid="cell-body"
      />
      <div
        class="sc-bcPKhP brlJPt"
        data-testid="cell-body"
      />
      <div
        class="sc-bcPKhP brlJPt"
        data-testid="cell-body"
      />
      <div
        class="sc-bcPKhP brlJPt"
        data-testid="cell-body"
      />
      <div
        class="sc-bcPKhP brlJPt"
        data-testid="cell-body"
      />
      <div
        class="sc-bcPKhP brlJPt"
        data-testid="cell-body"
      />
      <div
        class="sc-bcPKhP brlJPt"
        data-testid="cell-body"
      />
      <div
        class="sc-bcPKhP brlJPt"
        data-testid="cell-body"
      />
      <div
        class="sc-bcPKhP cdwxzs"
        data-testid="cell-body"
      />
    </div>
    <div>
      <div
        class="sc-bcPKhP brlJPt"
        data-testid="cell-column-head"
      >
        16
      </div>
      <div
        class="sc-bcPKhP brlJPt"
        data-testid="cell-body"
      />
      <div
        class="sc-bcPKhP brlJPt"
        data-testid="cell-body"
      />
      <div
        class="sc-bcPKhP brlJPt"
        data-testid="cell-body"
      />
      <div
        class="sc-bcPKhP brlJPt"
        data-testid="cell-body"
      />
      <div
        class="sc-bcPKhP brlJPt"
        data-testid="cell-body"
      />
      <div
        class="sc-bcPKhP brlJPt"
        data-testid="cell-body"
      />
      <div
        class="sc-bcPKhP brlJPt"
        data-testid="cell-body"
      />
      <div
        class="sc-bcPKhP brlJPt"
        data-testid="cell-body"
      />
      <div
        class="sc-bcPKhP brlJPt"
        data-testid="cell-body"
      />
      <div
        class="sc-bcPKhP brlJPt"
        data-testid="cell-body"
      />
      <div
        class="sc-bcPKhP brlJPt"
        data-testid="cell-body"
      />
      <div
        class="sc-bcPKhP brlJPt"
        data-testid="cell-body"
      />
      <div
        class="sc-bcPKhP brlJPt"
        data-testid="cell-body"
      />
      <div
        class="sc-bcPKhP brlJPt"
        data-testid="cell-body"
      />
      <div
        class="sc-bcPKhP brlJPt"
        data-testid="cell-body"
      />
      <div
        class="sc-bcPKhP brlJPt"
        data-testid="cell-body"
      />
      <div
        class="sc-bcPKhP brlJPt"
        data-testid="cell-body"
      />
      <div
        class="sc-bcPKhP brlJPt"
        data-testid="cell-body"
      />
      <div
        class="sc-bcPKhP brlJPt"
        data-testid="cell-body"
      />
      <div
        class="sc-bcPKhP brlJPt"
        data-testid="cell-body"
      />
      <div
        class="sc-bcPKhP brlJPt"
        data-testid="cell-body"
      />
      <div
        class="sc-bcPKhP brlJPt"
        data-testid="cell-body"
      />
      <div
        class="sc-bcPKhP brlJPt"
        data-testid="cell-body"
      />
      <div
        class="sc-bcPKhP brlJPt"
        data-testid="cell-body"
      />
      <div
        class="sc-bcPKhP brlJPt"
        data-testid="cell-body"
      />
      <div
        class="sc-bcPKhP cdwxzs"
        data-testid="cell-body"
      />
    </div>
    <div>
      <div
        class="sc-bcPKhP brlJPt"
        data-testid="cell-column-head"
      >
        17
      </div>
      <div
        class="sc-bcPKhP brlJPt"
        data-testid="cell-body"
      />
      <div
        class="sc-bcPKhP brlJPt"
        data-testid="cell-body"
      />
      <div
        class="sc-bcPKhP brlJPt"
        data-testid="cell-body"
      />
      <div
        class="sc-bcPKhP brlJPt"
        data-testid="cell-body"
      />
      <div
        class="sc-bcPKhP brlJPt"
        data-testid="cell-body"
      />
      <div
        class="sc-bcPKhP brlJPt"
        data-testid="cell-body"
      />
      <div
        class="sc-bcPKhP brlJPt"
        data-testid="cell-body"
      />
      <div
        class="sc-bcPKhP brlJPt"
        data-testid="cell-body"
      />
      <div
        class="sc-bcPKhP brlJPt"
        data-testid="cell-body"
      />
      <div
        class="sc-bcPKhP brlJPt"
        data-testid="cell-body"
      />
      <div
        class="sc-bcPKhP brlJPt"
        data-testid="cell-body"
      />
      <div
        class="sc-bcPKhP brlJPt"
        data-testid="cell-body"
      />
      <div
        class="sc-bcPKhP brlJPt"
        data-testid="cell-body"
      />
      <div
        class="sc-bcPKhP brlJPt"
        data-testid="cell-body"
      />
      <div
        class="sc-bcPKhP brlJPt"
        data-testid="cell-body"
      />
      <div
        class="sc-bcPKhP brlJPt"
        data-testid="cell-body"
      />
      <div
        class="sc-bcPKhP brlJPt"
        data-testid="cell-body"
      />
      <div
        class="sc-bcPKhP brlJPt"
        data-testid="cell-body"
      />
      <div
        class="sc-bcPKhP brlJPt"
        data-testid="cell-body"
      />
      <div
        class="sc-bcPKhP brlJPt"
        data-testid="cell-body"
      />
      <div
        class="sc-bcPKhP brlJPt"
        data-testid="cell-body"
      />
      <div
        class="sc-bcPKhP brlJPt"
        data-testid="cell-body"
      />
      <div
        class="sc-bcPKhP brlJPt"
        data-testid="cell-body"
      />
      <div
        class="sc-bcPKhP brlJPt"
        data-testid="cell-body"
      />
      <div
        class="sc-bcPKhP brlJPt"
        data-testid="cell-body"
      />
      <div
        class="sc-bcPKhP cdwxzs"
        data-testid="cell-body"
      />
    </div>
    <div>
      <div
        class="sc-bcPKhP brlJPt"
        data-testid="cell-column-head"
      >
        18
      </div>
      <div
        class="sc-bcPKhP brlJPt"
        data-testid="cell-body"
      />
      <div
        class="sc-bcPKhP brlJPt"
        data-testid="cell-body"
      />
      <div
        class="sc-bcPKhP brlJPt"
        data-testid="cell-body"
      />
      <div
        class="sc-bcPKhP brlJPt"
        data-testid="cell-body"
      />
      <div
        class="sc-bcPKhP brlJPt"
        data-testid="cell-body"
      />
      <div
        class="sc-bcPKhP brlJPt"
        data-testid="cell-body"
      />
      <div
        class="sc-bcPKhP brlJPt"
        data-testid="cell-body"
      />
      <div
        class="sc-bcPKhP brlJPt"
        data-testid="cell-body"
      />
      <div
        class="sc-bcPKhP brlJPt"
        data-testid="cell-body"
      />
      <div
        class="sc-bcPKhP brlJPt"
        data-testid="cell-body"
      />
      <div
        class="sc-bcPKhP brlJPt"
        data-testid="cell-body"
      />
      <div
        class="sc-bcPKhP brlJPt"
        data-testid="cell-body"
      />
      <div
        class="sc-bcPKhP brlJPt"
        data-testid="cell-body"
      />
      <div
        class="sc-bcPKhP brlJPt"
        data-testid="cell-body"
      />
      <div
        class="sc-bcPKhP brlJPt"
        data-testid="cell-body"
      />
      <div
        class="sc-bcPKhP brlJPt"
        data-testid="cell-body"
      />
      <div
        class="sc-bcPKhP brlJPt"
        data-testid="cell-body"
      />
      <div
        class="sc-bcPKhP brlJPt"
        data-testid="cell-body"
      />
      <div
        class="sc-bcPKhP brlJPt"
        data-testid="cell-body"
      />
      <div
        class="sc-bcPKhP brlJPt"
        data-testid="cell-body"
      />
      <div
        class="sc-bcPKhP brlJPt"
        data-testid="cell-body"
      />
      <div
        class="sc-bcPKhP brlJPt"
        data-testid="cell-body"
      />
      <div
        class="sc-bcPKhP brlJPt"
        data-testid="cell-body"
      />
      <div
        class="sc-bcPKhP brlJPt"
        data-testid="cell-body"
      />
      <div
        class="sc-bcPKhP brlJPt"
        data-testid="cell-body"
      />
      <div
        class="sc-bcPKhP cdwxzs"
        data-testid="cell-body"
      />
    </div>
    <div>
      <div
        class="sc-bcPKhP brlJPt"
        data-testid="cell-column-head"
      >
        19
      </div>
      <div
        class="sc-bcPKhP brlJPt"
        data-testid="cell-body"
      />
      <div
        class="sc-bcPKhP brlJPt"
        data-testid="cell-body"
      />
      <div
        class="sc-bcPKhP brlJPt"
        data-testid="cell-body"
      />
      <div
        class="sc-bcPKhP brlJPt"
        data-testid="cell-body"
      />
      <div
        class="sc-bcPKhP brlJPt"
        data-testid="cell-body"
      />
      <div
        class="sc-bcPKhP brlJPt"
        data-testid="cell-body"
      />
      <div
        class="sc-bcPKhP brlJPt"
        data-testid="cell-body"
      />
      <div
        class="sc-bcPKhP brlJPt"
        data-testid="cell-body"
      />
      <div
        class="sc-bcPKhP brlJPt"
        data-testid="cell-body"
      />
      <div
        class="sc-bcPKhP brlJPt"
        data-testid="cell-body"
      />
      <div
        class="sc-bcPKhP brlJPt"
        data-testid="cell-body"
      />
      <div
        class="sc-bcPKhP brlJPt"
        data-testid="cell-body"
      />
      <div
        class="sc-bcPKhP brlJPt"
        data-testid="cell-body"
      />
      <div
        class="sc-bcPKhP brlJPt"
        data-testid="cell-body"
      />
      <div
        class="sc-bcPKhP brlJPt"
        data-testid="cell-body"
      />
      <div
        class="sc-bcPKhP brlJPt"
        data-testid="cell-body"
      />
      <div
        class="sc-bcPKhP brlJPt"
        data-testid="cell-body"
      />
      <div
        class="sc-bcPKhP brlJPt"
        data-testid="cell-body"
      />
      <div
        class="sc-bcPKhP brlJPt"
        data-testid="cell-body"
      />
      <div
        class="sc-bcPKhP brlJPt"
        data-testid="cell-body"
      />
      <div
        class="sc-bcPKhP brlJPt"
        data-testid="cell-body"
      />
      <div
        class="sc-bcPKhP brlJPt"
        data-testid="cell-body"
      />
      <div
        class="sc-bcPKhP brlJPt"
        data-testid="cell-body"
      />
      <div
        class="sc-bcPKhP brlJPt"
        data-testid="cell-body"
      />
      <div
        class="sc-bcPKhP brlJPt"
        data-testid="cell-body"
      />
      <div
        class="sc-bcPKhP cdwxzs"
        data-testid="cell-body"
      />
    </div>
    <div>
      <div
        class="sc-bcPKhP brlJPt"
        data-testid="cell-column-head"
      >
        20
      </div>
      <div
        class="sc-bcPKhP brlJPt"
        data-testid="cell-body"
      />
      <div
        class="sc-bcPKhP brlJPt"
        data-testid="cell-body"
      />
      <div
        class="sc-bcPKhP brlJPt"
        data-testid="cell-body"
      />
      <div
        class="sc-bcPKhP brlJPt"
        data-testid="cell-body"
      />
      <div
        class="sc-bcPKhP brlJPt"
        data-testid="cell-body"
      />
      <div
        class="sc-bcPKhP brlJPt"
        data-testid="cell-body"
      />
      <div
        class="sc-bcPKhP brlJPt"
        data-testid="cell-body"
      />
      <div
        class="sc-bcPKhP brlJPt"
        data-testid="cell-body"
      />
      <div
        class="sc-bcPKhP brlJPt"
        data-testid="cell-body"
      />
      <div
        class="sc-bcPKhP brlJPt"
        data-testid="cell-body"
      />
      <div
        class="sc-bcPKhP brlJPt"
        data-testid="cell-body"
      />
      <div
        class="sc-bcPKhP brlJPt"
        data-testid="cell-body"
      />
      <div
        class="sc-bcPKhP brlJPt"
        data-testid="cell-body"
      />
      <div
        class="sc-bcPKhP brlJPt"
        data-testid="cell-body"
      />
      <div
        class="sc-bcPKhP brlJPt"
        data-testid="cell-body"
      />
      <div
        class="sc-bcPKhP brlJPt"
        data-testid="cell-body"
      />
      <div
        class="sc-bcPKhP brlJPt"
        data-testid="cell-body"
      />
      <div
        class="sc-bcPKhP brlJPt"
        data-testid="cell-body"
      />
      <div
        class="sc-bcPKhP brlJPt"
        data-testid="cell-body"
      />
      <div
        class="sc-bcPKhP brlJPt"
        data-testid="cell-body"
      />
      <div
        class="sc-bcPKhP brlJPt"
        data-testid="cell-body"
      />
      <div
        class="sc-bcPKhP brlJPt"
        data-testid="cell-body"
      />
      <div
        class="sc-bcPKhP brlJPt"
        data-testid="cell-body"
      />
      <div
        class="sc-bcPKhP brlJPt"
        data-testid="cell-body"
      />
      <div
        class="sc-bcPKhP brlJPt"
        data-testid="cell-body"
      />
      <div
        class="sc-bcPKhP cdwxzs"
        data-testid="cell-body"
      />
    </div>
    <div>
      <div
        class="sc-bcPKhP brlJPt"
        data-testid="cell-column-head"
      >
        21
      </div>
      <div
        class="sc-bcPKhP brlJPt"
        data-testid="cell-body"
      />
      <div
        class="sc-bcPKhP brlJPt"
        data-testid="cell-body"
      />
      <div
        class="sc-bcPKhP brlJPt"
        data-testid="cell-body"
      />
      <div
        class="sc-bcPKhP brlJPt"
        data-testid="cell-body"
      />
      <div
        class="sc-bcPKhP brlJPt"
        data-testid="cell-body"
      />
      <div
        class="sc-bcPKhP brlJPt"
        data-testid="cell-body"
      />
      <div
        class="sc-bcPKhP brlJPt"
        data-testid="cell-body"
      />
      <div
        class="sc-bcPKhP brlJPt"
        data-testid="cell-body"
      />
      <div
        class="sc-bcPKhP brlJPt"
        data-testid="cell-body"
      />
      <div
        class="sc-bcPKhP brlJPt"
        data-testid="cell-body"
      />
      <div
        class="sc-bcPKhP brlJPt"
        data-testid="cell-body"
      />
      <div
        class="sc-bcPKhP brlJPt"
        data-testid="cell-body"
      />
      <div
        class="sc-bcPKhP brlJPt"
        data-testid="cell-body"
      />
      <div
        class="sc-bcPKhP brlJPt"
        data-testid="cell-body"
      />
      <div
        class="sc-bcPKhP brlJPt"
        data-testid="cell-body"
      />
      <div
        class="sc-bcPKhP brlJPt"
        data-testid="cell-body"
      />
      <div
        class="sc-bcPKhP brlJPt"
        data-testid="cell-body"
      />
      <div
        class="sc-bcPKhP brlJPt"
        data-testid="cell-body"
      />
      <div
        class="sc-bcPKhP brlJPt"
        data-testid="cell-body"
      />
      <div
        class="sc-bcPKhP brlJPt"
        data-testid="cell-body"
      />
      <div
        class="sc-bcPKhP brlJPt"
        data-testid="cell-body"
      />
      <div
        class="sc-bcPKhP brlJPt"
        data-testid="cell-body"
      />
      <div
        class="sc-bcPKhP brlJPt"
        data-testid="cell-body"
      />
      <div
        class="sc-bcPKhP brlJPt"
        data-testid="cell-body"
      />
      <div
        class="sc-bcPKhP brlJPt"
        data-testid="cell-body"
      />
      <div
        class="sc-bcPKhP cdwxzs"
        data-testid="cell-body"
      />
    </div>
    <div>
      <div
        class="sc-bcPKhP brlJPt"
        data-testid="cell-column-head"
      >
        22
      </div>
      <div
        class="sc-bcPKhP brlJPt"
        data-testid="cell-body"
      />
      <div
        class="sc-bcPKhP brlJPt"
        data-testid="cell-body"
      />
      <div
        class="sc-bcPKhP brlJPt"
        data-testid="cell-body"
      />
      <div
        class="sc-bcPKhP brlJPt"
        data-testid="cell-body"
      />
      <div
        class="sc-bcPKhP brlJPt"
        data-testid="cell-body"
      />
      <div
        class="sc-bcPKhP brlJPt"
        data-testid="cell-body"
      />
      <div
        class="sc-bcPKhP brlJPt"
        data-testid="cell-body"
      />
      <div
        class="sc-bcPKhP brlJPt"
        data-testid="cell-body"
      />
      <div
        class="sc-bcPKhP brlJPt"
        data-testid="cell-body"
      />
      <div
        class="sc-bcPKhP brlJPt"
        data-testid="cell-body"
      />
      <div
        class="sc-bcPKhP brlJPt"
        data-testid="cell-body"
      />
      <div
        class="sc-bcPKhP brlJPt"
        data-testid="cell-body"
      />
      <div
        class="sc-bcPKhP brlJPt"
        data-testid="cell-body"
      />
      <div
        class="sc-bcPKhP brlJPt"
        data-testid="cell-body"
      />
      <div
        class="sc-bcPKhP brlJPt"
        data-testid="cell-body"
      />
      <div
        class="sc-bcPKhP brlJPt"
        data-testid="cell-body"
      />
      <div
        class="sc-bcPKhP brlJPt"
        data-testid="cell-body"
      />
      <div
        class="sc-bcPKhP brlJPt"
        data-testid="cell-body"
      />
      <div
        class="sc-bcPKhP brlJPt"
        data-testid="cell-body"
      />
      <div
        class="sc-bcPKhP brlJPt"
        data-testid="cell-body"
      />
      <div
        class="sc-bcPKhP brlJPt"
        data-testid="cell-body"
      />
      <div
        class="sc-bcPKhP brlJPt"
        data-testid="cell-body"
      />
      <div
        class="sc-bcPKhP brlJPt"
        data-testid="cell-body"
      />
      <div
        class="sc-bcPKhP brlJPt"
        data-testid="cell-body"
      />
      <div
        class="sc-bcPKhP brlJPt"
        data-testid="cell-body"
      />
      <div
        class="sc-bcPKhP cdwxzs"
        data-testid="cell-body"
      />
    </div>
    <div>
      <div
        class="sc-bcPKhP brlJPt"
        data-testid="cell-column-head"
      >
        23
      </div>
      <div
        class="sc-bcPKhP brlJPt"
        data-testid="cell-body"
      />
      <div
        class="sc-bcPKhP brlJPt"
        data-testid="cell-body"
      />
      <div
        class="sc-bcPKhP brlJPt"
        data-testid="cell-body"
      />
      <div
        class="sc-bcPKhP brlJPt"
        data-testid="cell-body"
      />
      <div
        class="sc-bcPKhP brlJPt"
        data-testid="cell-body"
      />
      <div
        class="sc-bcPKhP brlJPt"
        data-testid="cell-body"
      />
      <div
        class="sc-bcPKhP brlJPt"
        data-testid="cell-body"
      />
      <div
        class="sc-bcPKhP brlJPt"
        data-testid="cell-body"
      />
      <div
        class="sc-bcPKhP brlJPt"
        data-testid="cell-body"
      />
      <div
        class="sc-bcPKhP brlJPt"
        data-testid="cell-body"
      />
      <div
        class="sc-bcPKhP brlJPt"
        data-testid="cell-body"
      />
      <div
        class="sc-bcPKhP brlJPt"
        data-testid="cell-body"
      />
      <div
        class="sc-bcPKhP brlJPt"
        data-testid="cell-body"
      />
      <div
        class="sc-bcPKhP brlJPt"
        data-testid="cell-body"
      />
      <div
        class="sc-bcPKhP brlJPt"
        data-testid="cell-body"
      />
      <div
        class="sc-bcPKhP brlJPt"
        data-testid="cell-body"
      />
      <div
        class="sc-bcPKhP brlJPt"
        data-testid="cell-body"
      />
      <div
        class="sc-bcPKhP brlJPt"
        data-testid="cell-body"
      />
      <div
        class="sc-bcPKhP brlJPt"
        data-testid="cell-body"
      />
      <div
        class="sc-bcPKhP brlJPt"
        data-testid="cell-body"
      />
      <div
        class="sc-bcPKhP brlJPt"
        data-testid="cell-body"
      />
      <div
        class="sc-bcPKhP brlJPt"
        data-testid="cell-body"
      />
      <div
        class="sc-bcPKhP brlJPt"
        data-testid="cell-body"
      />
      <div
        class="sc-bcPKhP brlJPt"
        data-testid="cell-body"
      />
      <div
        class="sc-bcPKhP brlJPt"
        data-testid="cell-body"
      />
      <div
        class="sc-bcPKhP cdwxzs"
        data-testid="cell-body"
      />
    </div>
    <div>
      <div
        class="sc-bcPKhP brlJPt"
        data-testid="cell-column-head"
      >
        24
      </div>
      <div
        class="sc-bcPKhP brlJPt"
        data-testid="cell-body"
      />
      <div
        class="sc-bcPKhP brlJPt"
        data-testid="cell-body"
      />
      <div
        class="sc-bcPKhP brlJPt"
        data-testid="cell-body"
      />
      <div
        class="sc-bcPKhP brlJPt"
        data-testid="cell-body"
      />
      <div
        class="sc-bcPKhP brlJPt"
        data-testid="cell-body"
      />
      <div
        class="sc-bcPKhP brlJPt"
        data-testid="cell-body"
      />
      <div
        class="sc-bcPKhP brlJPt"
        data-testid="cell-body"
      />
      <div
        class="sc-bcPKhP brlJPt"
        data-testid="cell-body"
      />
      <div
        class="sc-bcPKhP brlJPt"
        data-testid="cell-body"
      />
      <div
        class="sc-bcPKhP brlJPt"
        data-testid="cell-body"
      />
      <div
        class="sc-bcPKhP brlJPt"
        data-testid="cell-body"
      />
      <div
        class="sc-bcPKhP brlJPt"
        data-testid="cell-body"
      />
      <div
        class="sc-bcPKhP brlJPt"
        data-testid="cell-body"
      />
      <div
        class="sc-bcPKhP brlJPt"
        data-testid="cell-body"
      />
      <div
        class="sc-bcPKhP brlJPt"
        data-testid="cell-body"
      />
      <div
        class="sc-bcPKhP brlJPt"
        data-testid="cell-body"
      />
      <div
        class="sc-bcPKhP brlJPt"
        data-testid="cell-body"
      />
      <div
        class="sc-bcPKhP brlJPt"
        data-testid="cell-body"
      />
      <div
        class="sc-bcPKhP brlJPt"
        data-testid="cell-body"
      />
      <div
        class="sc-bcPKhP brlJPt"
        data-testid="cell-body"
      />
      <div
        class="sc-bcPKhP brlJPt"
        data-testid="cell-body"
      />
      <div
        class="sc-bcPKhP brlJPt"
        data-testid="cell-body"
      />
      <div
        class="sc-bcPKhP brlJPt"
        data-testid="cell-body"
      />
      <div
        class="sc-bcPKhP brlJPt"
        data-testid="cell-body"
      />
      <div
        class="sc-bcPKhP brlJPt"
        data-testid="cell-body"
      />
      <div
        class="sc-bcPKhP cdwxzs"
        data-testid="cell-body"
      />
    </div>
    <div>
      <div
        class="sc-bcPKhP brlJPt"
        data-testid="cell-column-head"
      >
        25
      </div>
      <div
        class="sc-bcPKhP brlJPt"
        data-testid="cell-body"
      />
      <div
        class="sc-bcPKhP brlJPt"
        data-testid="cell-body"
      />
      <div
        class="sc-bcPKhP brlJPt"
        data-testid="cell-body"
      />
      <div
        class="sc-bcPKhP brlJPt"
        data-testid="cell-body"
      />
      <div
        class="sc-bcPKhP brlJPt"
        data-testid="cell-body"
      />
      <div
        class="sc-bcPKhP brlJPt"
        data-testid="cell-body"
      />
      <div
        class="sc-bcPKhP brlJPt"
        data-testid="cell-body"
      />
      <div
        class="sc-bcPKhP brlJPt"
        data-testid="cell-body"
      />
      <div
        class="sc-bcPKhP brlJPt"
        data-testid="cell-body"
      />
      <div
        class="sc-bcPKhP brlJPt"
        data-testid="cell-body"
      />
      <div
        class="sc-bcPKhP brlJPt"
        data-testid="cell-body"
      />
      <div
        class="sc-bcPKhP brlJPt"
        data-testid="cell-body"
      />
      <div
        class="sc-bcPKhP brlJPt"
        data-testid="cell-body"
      />
      <div
        class="sc-bcPKhP brlJPt"
        data-testid="cell-body"
      />
      <div
        class="sc-bcPKhP brlJPt"
        data-testid="cell-body"
      />
      <div
        class="sc-bcPKhP brlJPt"
        data-testid="cell-body"
      />
      <div
        class="sc-bcPKhP brlJPt"
        data-testid="cell-body"
      />
      <div
        class="sc-bcPKhP brlJPt"
        data-testid="cell-body"
      />
      <div
        class="sc-bcPKhP brlJPt"
        data-testid="cell-body"
      />
      <div
        class="sc-bcPKhP brlJPt"
        data-testid="cell-body"
      />
      <div
        class="sc-bcPKhP brlJPt"
        data-testid="cell-body"
      />
      <div
        class="sc-bcPKhP brlJPt"
        data-testid="cell-body"
      />
      <div
        class="sc-bcPKhP brlJPt"
        data-testid="cell-body"
      />
      <div
        class="sc-bcPKhP brlJPt"
        data-testid="cell-body"
      />
      <div
        class="sc-bcPKhP brlJPt"
        data-testid="cell-body"
      />
      <div
        class="sc-bcPKhP cdwxzs"
        data-testid="cell-body"
      />
    </div>
    <div>
      <div
        class="sc-bcPKhP eKtyME"
        data-testid="cell-column-head"
      >
        26
      </div>
      <div
        class="sc-bcPKhP eKtyME"
        data-testid="cell-body"
      />
      <div
        class="sc-bcPKhP eKtyME"
        data-testid="cell-body"
      />
      <div
        class="sc-bcPKhP eKtyME"
        data-testid="cell-body"
      />
      <div
        class="sc-bcPKhP eKtyME"
        data-testid="cell-body"
      />
      <div
        class="sc-bcPKhP eKtyME"
        data-testid="cell-body"
      />
      <div
        class="sc-bcPKhP eKtyME"
        data-testid="cell-body"
      />
      <div
        class="sc-bcPKhP eKtyME"
        data-testid="cell-body"
      />
      <div
        class="sc-bcPKhP eKtyME"
        data-testid="cell-body"
      />
      <div
        class="sc-bcPKhP eKtyME"
        data-testid="cell-body"
      />
      <div
        class="sc-bcPKhP eKtyME"
        data-testid="cell-body"
      />
      <div
        class="sc-bcPKhP eKtyME"
        data-testid="cell-body"
      />
      <div
        class="sc-bcPKhP eKtyME"
        data-testid="cell-body"
      />
      <div
        class="sc-bcPKhP eKtyME"
        data-testid="cell-body"
      />
      <div
        class="sc-bcPKhP eKtyME"
        data-testid="cell-body"
      />
      <div
        class="sc-bcPKhP eKtyME"
        data-testid="cell-body"
      />
      <div
        class="sc-bcPKhP eKtyME"
        data-testid="cell-body"
      />
      <div
        class="sc-bcPKhP eKtyME"
        data-testid="cell-body"
      />
      <div
        class="sc-bcPKhP eKtyME"
        data-testid="cell-body"
      />
      <div
        class="sc-bcPKhP eKtyME"
        data-testid="cell-body"
      />
      <div
        class="sc-bcPKhP eKtyME"
        data-testid="cell-body"
      />
      <div
        class="sc-bcPKhP eKtyME"
        data-testid="cell-body"
      />
      <div
        class="sc-bcPKhP eKtyME"
        data-testid="cell-body"
      />
      <div
        class="sc-bcPKhP eKtyME"
        data-testid="cell-body"
      />
      <div
        class="sc-bcPKhP eKtyME"
        data-testid="cell-body"
      />
      <div
        class="sc-bcPKhP eKtyME"
        data-testid="cell-body"
      />
      <div
        class="sc-bcPKhP dYiLcF"
        data-testid="cell-body"
      />
    </div>
  </div>
</DocumentFragment>
`;
